Task instructions loaded from: /Users/libojian/github-bojian/selenium/sentient/task_instructions/task_instructions.txt
Executing Get DOM Command based on content_type: all_fields
Get DOM Command executed in 0.06819796562194824 seconds
Unexpected error: local variable 'response' referenced before assignment
Executing Get DOM Command based on content_type: all_fields
Get DOM Command executed in 0.07491922378540039 seconds
Unexpected error: local variable 'response' referenced before assignment
Executing Get DOM Command based on content_type: all_fields
Get DOM Command executed in 0.06781506538391113 seconds
Unexpected error: local variable 'response' referenced before assignment
Executing Get DOM Command based on content_type: all_fields
Get DOM Command executed in 0.07539200782775879 seconds
Opening URL: https://enpc1.uhomes.com/hackson
Successfully loaded page: https://enpc1.uhomes.com/hackson
Executing Get DOM Command based on content_type: all_fields
Get DOM Command executed in 0.19780921936035156 seconds
Unexpected error: local variable 'response' referenced before assignment
Executing Get DOM Command based on content_type: all_fields
Get DOM Command executed in 0.24026918411254883 seconds
Unexpected error: local variable 'response' referenced before assignment
Executing Get DOM Command based on content_type: all_fields
Get DOM Command executed in 0.22614097595214844 seconds
Unexpected error: local variable 'response' referenced before assignment
Executing Get DOM Command based on content_type: all_fields
Get DOM Command executed in 0.21666693687438965 seconds
Unexpected error: local variable 'response' referenced before assignment
Executing Get DOM Command based on content_type: all_fields
Get DOM Command executed in 0.22562408447265625 seconds
Unexpected error: local variable 'response' referenced before assignment
Executing Get DOM Command based on content_type: all_fields
Get DOM Command executed in 0.21177387237548828 seconds
Unexpected error: local variable 'response' referenced before assignment
Executing Get DOM Command based on content_type: all_fields
Get DOM Command executed in 0.24027204513549805 seconds
Unexpected error: local variable 'response' referenced before assignment
Executing Get DOM Command based on content_type: all_fields
Get DOM Command executed in 0.21013784408569336 seconds
Unexpected error: local variable 'response' referenced before assignment
Executing Get DOM Command based on content_type: all_fields
Get DOM Command executed in 0.24238991737365723 seconds
Unexpected error: local variable 'response' referenced before assignment
Executing Get DOM Command based on content_type: all_fields
Get DOM Command executed in 0.21768403053283691 seconds
Entering text: EnterTextEntry(query_selector="[mmid='71']", text='')
Executing press_key_combination with key combo: Control+A
Executing press_key_combination with key combo: Backspace
Success. Text "" set successfully in the element with selector [mmid='71']
Executing Get DOM Command based on content_type: all_fields
Get DOM Command executed in 0.30921196937561035 seconds
Unexpected error: local variable 'response' referenced before assignment
Executing Get DOM Command based on content_type: all_fields
Get DOM Command executed in 0.3045649528503418 seconds
Unexpected error: local variable 'response' referenced before assignment
Executing Get DOM Command based on content_type: all_fields
Get DOM Command executed in 0.32997703552246094 seconds
Unexpected error: local variable 'response' referenced before assignment
Executing Get DOM Command based on content_type: all_fields
Get DOM Command executed in 0.3738548755645752 seconds
Unexpected error: local variable 'response' referenced before assignment
Executing Get DOM Command based on content_type: all_fields
Get DOM Command executed in 0.3510608673095703 seconds
Unexpected error: local variable 'response' referenced before assignment
Executing Get DOM Command based on content_type: all_fields
Get DOM Command executed in 0.29762983322143555 seconds
Unexpected error: local variable 'response' referenced before assignment
Executing Get DOM Command based on content_type: all_fields
Get DOM Command executed in 0.3169667720794678 seconds
Unexpected error: local variable 'response' referenced before assignment
Executing Get DOM Command based on content_type: all_fields
Get DOM Command executed in 0.32091498374938965 seconds
Unexpected error: local variable 'response' referenced before assignment
Executing Get DOM Command based on content_type: all_fields
Get DOM Command executed in 0.29349493980407715 seconds
Unexpected error: local variable 'response' referenced before assignment
Executing Get DOM Command based on content_type: all_fields
Get DOM Command executed in 0.38587021827697754 seconds
Entering text: EnterTextEntry(query_selector="[mmid='278']", text='')
Executing press_key_combination with key combo: Control+A
Executing press_key_combination with key combo: Backspace
Success. Text "" set successfully in the element with selector [mmid='278']
Entering text: EnterTextEntry(query_selector="[mmid='284']", text='')
Executing press_key_combination with key combo: Control+A
Executing press_key_combination with key combo: Backspace
Success. Text "" set successfully in the element with selector [mmid='284']
Entering text: EnterTextEntry(query_selector="[mmid='289']", text='')
Executing press_key_combination with key combo: Control+A
Executing press_key_combination with key combo: Backspace
Success. Text "" set successfully in the element with selector [mmid='289']
Entering text: EnterTextEntry(query_selector="[mmid='299']", text='')
Executing press_key_combination with key combo: Control+A
Executing press_key_combination with key combo: Backspace
Success. Text "" set successfully in the element with selector [mmid='299']
Entering text: EnterTextEntry(query_selector="[mmid='304']", text='')
Executing press_key_combination with key combo: Control+A
Executing press_key_combination with key combo: Backspace
Success. Text "" set successfully in the element with selector [mmid='304']
Entering text: EnterTextEntry(query_selector="[mmid='310']", text='')
Executing press_key_combination with key combo: Control+A
Executing press_key_combination with key combo: Backspace
Success. Text "" set successfully in the element with selector [mmid='310']
Entering text: EnterTextEntry(query_selector="[mmid='316']", text='')
Executing press_key_combination with key combo: Control+A
Executing press_key_combination with key combo: Backspace
Success. Text "" set successfully in the element with selector [mmid='316']
Executing Get DOM Command based on content_type: all_fields
Get DOM Command executed in 0.32184815406799316 seconds
Unexpected error: local variable 'response' referenced before assignment
Executing Get DOM Command based on content_type: all_fields
Get DOM Command executed in 0.27765893936157227 seconds
Unexpected error: local variable 'response' referenced before assignment
Executing Get DOM Command based on content_type: all_fields
Get DOM Command executed in 0.2448902130126953 seconds
Unexpected error: local variable 'response' referenced before assignment
Executing Get DOM Command based on content_type: all_fields
Get DOM Command executed in 0.2917759418487549 seconds
Unexpected error: local variable 'response' referenced before assignment
Executing Get DOM Command based on content_type: all_fields
Get DOM Command executed in 0.27312469482421875 seconds
Unexpected error: local variable 'response' referenced before assignment
Executing Get DOM Command based on content_type: all_fields
Get DOM Command executed in 0.3888278007507324 seconds
Unexpected error: local variable 'response' referenced before assignment
Executing Get DOM Command based on content_type: all_fields
Get DOM Command executed in 0.323962926864624 seconds
Unexpected error: local variable 'response' referenced before assignment
Executing Get DOM Command based on content_type: all_fields
Get DOM Command executed in 0.37842893600463867 seconds
Task instructions loaded from: /Users/libojian/github-bojian/selenium/sentient/task_instructions/task_instructions.txt
Failed to navigate to homepage: Page.goto: Target page, context or browser has been closed
Call log:
navigating to "https://google.com/", waiting until "load"

Failed to navigate to homepage: Page.goto: Target page, context or browser has been closed
Executing Get DOM Command based on content_type: all_fields
Get DOM Command executed in 0.2633042335510254 seconds
Unexpected error: local variable 'response' referenced before assignment
Executing Get DOM Command based on content_type: all_fields
Get DOM Command executed in 0.2689192295074463 seconds
Unexpected error: local variable 'response' referenced before assignment
Executing Get DOM Command based on content_type: all_fields
Get DOM Command executed in 0.22309613227844238 seconds
Unexpected error: local variable 'response' referenced before assignment
Executing Get DOM Command based on content_type: all_fields
Get DOM Command executed in 0.23721599578857422 seconds
Task instructions loaded from: /Users/libojian/github-bojian/selenium/sentient/task_instructions/task_instructions.txt
Executing Get DOM Command based on content_type: all_fields
Get DOM Command executed in 0.06469202041625977 seconds
Unexpected error: local variable 'response' referenced before assignment
Executing Get DOM Command based on content_type: all_fields
Get DOM Command executed in 0.07474279403686523 seconds
Opening URL: https://enpc1.uhomes.com/hackson
Successfully loaded page: https://enpc1.uhomes.com/hackson
Executing Get DOM Command based on content_type: all_fields
Get DOM Command executed in 0.03459811210632324 seconds
Unexpected error: local variable 'response' referenced before assignment
Executing Get DOM Command based on content_type: all_fields
Get DOM Command executed in 0.058860063552856445 seconds
Unexpected error: local variable 'response' referenced before assignment
Executing Get DOM Command based on content_type: all_fields
Get DOM Command executed in 0.09763097763061523 seconds
Unexpected error: local variable 'response' referenced before assignment
Executing Get DOM Command based on content_type: all_fields
Get DOM Command executed in 0.06024026870727539 seconds
Unexpected error: local variable 'response' referenced before assignment
Executing Get DOM Command based on content_type: all_fields
Get DOM Command executed in 0.05954790115356445 seconds
Unexpected error: local variable 'response' referenced before assignment
Executing Get DOM Command based on content_type: all_fields
Get DOM Command executed in 0.05983686447143555 seconds
Unexpected error: local variable 'response' referenced before assignment
Executing Get DOM Command based on content_type: all_fields
Get DOM Command executed in 0.05619502067565918 seconds
Unexpected error: local variable 'response' referenced before assignment
Executing Get DOM Command based on content_type: all_fields
Get DOM Command executed in 0.057318925857543945 seconds
Unexpected error: local variable 'response' referenced before assignment
Executing Get DOM Command based on content_type: all_fields
Get DOM Command executed in 0.055702924728393555 seconds
Unexpected error: local variable 'response' referenced before assignment
Executing Get DOM Command based on content_type: all_fields
Get DOM Command executed in 0.05304217338562012 seconds
Unexpected error: local variable 'response' referenced before assignment
Executing Get DOM Command based on content_type: all_fields
Get DOM Command executed in 0.045822858810424805 seconds
Unexpected error: local variable 'response' referenced before assignment
Executing Get DOM Command based on content_type: all_fields
Get DOM Command executed in 0.09842681884765625 seconds
Unexpected error: local variable 'response' referenced before assignment
Executing Get DOM Command based on content_type: all_fields
Get DOM Command executed in 0.03988790512084961 seconds
Unexpected error: local variable 'response' referenced before assignment
Executing Get DOM Command based on content_type: all_fields
Get DOM Command executed in 0.058470726013183594 seconds
Unexpected error: local variable 'response' referenced before assignment
Executing Get DOM Command based on content_type: all_fields
Get DOM Command executed in 0.04712796211242676 seconds
Unexpected error: local variable 'response' referenced before assignment
Executing Get DOM Command based on content_type: all_fields
Get DOM Command executed in 0.04922986030578613 seconds
Unexpected error: local variable 'response' referenced before assignment
Executing Get DOM Command based on content_type: all_fields
Get DOM Command executed in 0.05478024482727051 seconds
Unexpected error: local variable 'response' referenced before assignment
Executing Get DOM Command based on content_type: all_fields
Get DOM Command executed in 0.05908203125 seconds
Unexpected error: local variable 'response' referenced before assignment
Executing Get DOM Command based on content_type: all_fields
Get DOM Command executed in 0.04472684860229492 seconds
Unexpected error: local variable 'response' referenced before assignment
Executing Get DOM Command based on content_type: all_fields
Get DOM Command executed in 0.04100608825683594 seconds
Unexpected error: local variable 'response' referenced before assignment
Executing Get DOM Command based on content_type: all_fields
Get DOM Command executed in 0.03879904747009277 seconds
Unexpected error: local variable 'response' referenced before assignment
Executing Get DOM Command based on content_type: all_fields
Get DOM Command executed in 0.03570914268493652 seconds
Unexpected error: local variable 'response' referenced before assignment
Executing Get DOM Command based on content_type: all_fields
Get DOM Command executed in 0.05812811851501465 seconds
Unexpected error: local variable 'response' referenced before assignment
Executing Get DOM Command based on content_type: all_fields
Get DOM Command executed in 0.06250500679016113 seconds
Unexpected error: local variable 'response' referenced before assignment
Executing Get DOM Command based on content_type: all_fields
Get DOM Command executed in 0.05970311164855957 seconds
Unexpected error: local variable 'response' referenced before assignment
Executing Get DOM Command based on content_type: all_fields
Get DOM Command executed in 0.057479143142700195 seconds
Unexpected error: local variable 'response' referenced before assignment
Executing Get DOM Command based on content_type: all_fields
Get DOM Command executed in 0.05871105194091797 seconds
Unexpected error: local variable 'response' referenced before assignment
Executing Get DOM Command based on content_type: all_fields
Get DOM Command executed in 0.059307098388671875 seconds
Unexpected error: local variable 'response' referenced before assignment
Executing Get DOM Command based on content_type: all_fields
Get DOM Command executed in 0.05931901931762695 seconds
Unexpected error: local variable 'response' referenced before assignment
Executing Get DOM Command based on content_type: all_fields
Get DOM Command executed in 0.054986000061035156 seconds
Unexpected error: local variable 'response' referenced before assignment
Executing Get DOM Command based on content_type: all_fields
Get DOM Command executed in 0.05428290367126465 seconds
Unexpected error: local variable 'response' referenced before assignment
Executing Get DOM Command based on content_type: all_fields
Get DOM Command executed in 0.03100895881652832 seconds
Unexpected error: local variable 'response' referenced before assignment
Executing Get DOM Command based on content_type: all_fields
Get DOM Command executed in 0.05607295036315918 seconds
Unexpected error: local variable 'response' referenced before assignment
Executing Get DOM Command based on content_type: all_fields
Get DOM Command executed in 0.05448174476623535 seconds
Unexpected error: local variable 'response' referenced before assignment
Executing Get DOM Command based on content_type: all_fields
Get DOM Command executed in 0.060395002365112305 seconds
Unexpected error: local variable 'response' referenced before assignment
Executing Get DOM Command based on content_type: all_fields
Get DOM Command executed in 0.05800819396972656 seconds
Unexpected error: local variable 'response' referenced before assignment
Executing Get DOM Command based on content_type: all_fields
Get DOM Command executed in 0.053865909576416016 seconds
Unexpected error: local variable 'response' referenced before assignment
Executing Get DOM Command based on content_type: all_fields
Get DOM Command executed in 0.0578460693359375 seconds
Unexpected error: local variable 'response' referenced before assignment
Executing Get DOM Command based on content_type: all_fields
Get DOM Command executed in 0.04835009574890137 seconds
Unexpected error: local variable 'response' referenced before assignment
Executing Get DOM Command based on content_type: all_fields
Get DOM Command executed in 0.06387710571289062 seconds
Unexpected error: local variable 'response' referenced before assignment
Executing Get DOM Command based on content_type: all_fields
Get DOM Command executed in 0.06514692306518555 seconds
Unexpected error: local variable 'response' referenced before assignment
Executing Get DOM Command based on content_type: all_fields
Get DOM Command executed in 0.05586504936218262 seconds
Unexpected error: local variable 'response' referenced before assignment
Executing Get DOM Command based on content_type: all_fields
Get DOM Command executed in 0.058329105377197266 seconds
Unexpected error: local variable 'response' referenced before assignment
Executing Get DOM Command based on content_type: all_fields
Get DOM Command executed in 0.055032968521118164 seconds
